QA output created by 032
using backend farm store
9c7766570b3be3aff2724f587c2f4107  -
/tmp/sheepdog/0/obj/807c2b2500000000
/tmp/sheepdog/1/obj/807c2b2500000000
/tmp/sheepdog/2/obj/807c2b2500000000
/tmp/sheepdog/0/obj/007c2b2500000000
/tmp/sheepdog/1/obj/007c2b2500000000
/tmp/sheepdog/2/obj/007c2b2500000000
/tmp/sheepdog/0/obj/007c2b2500000001
/tmp/sheepdog/1/obj/007c2b2500000001
/tmp/sheepdog/4/obj/007c2b2500000001
/tmp/sheepdog/0/obj/007c2b2500000002
/tmp/sheepdog/1/obj/007c2b2500000002
/tmp/sheepdog/4/obj/007c2b2500000002
/tmp/sheepdog/2/obj/007c2b2500000003
/tmp/sheepdog/6/obj/007c2b2500000003
/tmp/sheepdog/7/obj/007c2b2500000003
/tmp/sheepdog/0/obj/007c2b2500000004
/tmp/sheepdog/3/obj/007c2b2500000004
/tmp/sheepdog/4/obj/007c2b2500000004
/tmp/sheepdog/0/obj/007c2b2500000005
/tmp/sheepdog/3/obj/007c2b2500000005
/tmp/sheepdog/5/obj/007c2b2500000005
/tmp/sheepdog/4/obj/007c2b2500000006
/tmp/sheepdog/5/obj/007c2b2500000006
/tmp/sheepdog/7/obj/007c2b2500000006
/tmp/sheepdog/3/obj/007c2b2500000007
/tmp/sheepdog/5/obj/007c2b2500000007
/tmp/sheepdog/7/obj/007c2b2500000007
/tmp/sheepdog/1/obj/007c2b2500000008
/tmp/sheepdog/3/obj/007c2b2500000008
/tmp/sheepdog/6/obj/007c2b2500000008
/tmp/sheepdog/3/obj/007c2b2500000009
/tmp/sheepdog/5/obj/007c2b2500000009
/tmp/sheepdog/7/obj/007c2b2500000009
/tmp/sheepdog/0/obj/007c2b250000000a
/tmp/sheepdog/2/obj/007c2b250000000a
/tmp/sheepdog/5/obj/007c2b250000000a
/tmp/sheepdog/1/obj/007c2b250000000b
/tmp/sheepdog/4/obj/007c2b250000000b
/tmp/sheepdog/5/obj/007c2b250000000b
/tmp/sheepdog/3/obj/007c2b250000000c
/tmp/sheepdog/4/obj/007c2b250000000c
/tmp/sheepdog/5/obj/007c2b250000000c
/tmp/sheepdog/0/obj/007c2b250000000d
/tmp/sheepdog/2/obj/007c2b250000000d
/tmp/sheepdog/3/obj/007c2b250000000d
/tmp/sheepdog/1/obj/007c2b250000000e
/tmp/sheepdog/3/obj/007c2b250000000e
/tmp/sheepdog/7/obj/007c2b250000000e
/tmp/sheepdog/2/obj/007c2b250000000f
/tmp/sheepdog/4/obj/007c2b250000000f
/tmp/sheepdog/5/obj/007c2b250000000f
/tmp/sheepdog/0/obj/007c2b2500000010
/tmp/sheepdog/1/obj/007c2b2500000010
/tmp/sheepdog/4/obj/007c2b2500000010
/tmp/sheepdog/3/obj/007c2b2500000011
/tmp/sheepdog/5/obj/007c2b2500000011
/tmp/sheepdog/7/obj/007c2b2500000011
/tmp/sheepdog/2/obj/007c2b2500000012
/tmp/sheepdog/4/obj/007c2b2500000012
/tmp/sheepdog/6/obj/007c2b2500000012
/tmp/sheepdog/0/obj/007c2b2500000013
/tmp/sheepdog/5/obj/007c2b2500000013
/tmp/sheepdog/6/obj/007c2b2500000013
/tmp/sheepdog/0/obj/007c2b2500000014
/tmp/sheepdog/5/obj/007c2b2500000014
/tmp/sheepdog/6/obj/007c2b2500000014
/tmp/sheepdog/0/obj/007c2b2500000015
/tmp/sheepdog/2/obj/007c2b2500000015
/tmp/sheepdog/3/obj/007c2b2500000015
/tmp/sheepdog/1/obj/007c2b2500000016
/tmp/sheepdog/5/obj/007c2b2500000016
/tmp/sheepdog/6/obj/007c2b2500000016
/tmp/sheepdog/2/obj/007c2b2500000017
/tmp/sheepdog/5/obj/007c2b2500000017
/tmp/sheepdog/6/obj/007c2b2500000017
/tmp/sheepdog/0/obj/007c2b2500000018
/tmp/sheepdog/1/obj/007c2b2500000018
/tmp/sheepdog/5/obj/007c2b2500000018







/tmp/sheepdog/0/obj/.stale:
/tmp/sheepdog/1/obj/.stale:
/tmp/sheepdog/2/obj/.stale:
/tmp/sheepdog/3/obj/.stale:
/tmp/sheepdog/4/obj/.stale:
/tmp/sheepdog/5/obj/.stale:
/tmp/sheepdog/6/obj/.stale:
/tmp/sheepdog/7/obj/.stale:
9c7766570b3be3aff2724f587c2f4107  -
