QA output created by 039
using backend farm store
wrote 512/512 bytes at offset 0
512 bytes, X ops; XX:XX:XX.X (XXX YYY/sec and XXX ops/sec)
wrote 512/512 bytes at offset 0
512 bytes, X ops; XX:XX:XX.X (XXX YYY/sec and XXX ops/sec)
read 512/512 bytes at offset 0
512 bytes, X ops; XX:XX:XX.X (XXX YYY/sec and XXX ops/sec)
test---[DATE]---(you are here)
  Name        Id    Size    Used  Shared    Creation time   VDI id  Copies  Tag
s test         1  4.0 GB  4.0 MB  0.0 MB DATE   7c2b25     3         snap1
  test         2  4.0 GB  0.0 MB  4.0 MB DATE   7c2b26     3              
wrote 512/512 bytes at offset 0
512 bytes, X ops; XX:XX:XX.X (XXX YYY/sec and XXX ops/sec)
wrote 512/512 bytes at offset 0
512 bytes, X ops; XX:XX:XX.X (XXX YYY/sec and XXX ops/sec)
read 512/512 bytes at offset 0
512 bytes, X ops; XX:XX:XX.X (XXX YYY/sec and XXX ops/sec)
test---[DATE]-+-[DATE]
                          `-(you are here)
  Name        Id    Size    Used  Shared    Creation time   VDI id  Copies  Tag
s test         1  4.0 GB  4.0 MB  0.0 MB DATE   7c2b25     3         snap1
s test         2  4.0 GB  4.0 MB  0.0 MB DATE   7c2b26     3         snap2
  test         3  4.0 GB  0.0 MB  4.0 MB DATE   7c2b27     3              
read 512/512 bytes at offset 0
512 bytes, X ops; XX:XX:XX.X (XXX YYY/sec and XXX ops/sec)
test---[DATE]---[DATE]---(you are here)
  Name        Id    Size    Used  Shared    Creation time   VDI id  Copies  Tag
s test         1  4.0 GB  4.0 MB  0.0 MB DATE   7c2b25     3         snap1
s test         2  4.0 GB  4.0 MB  0.0 MB DATE   7c2b26     3         snap2
  test         3  4.0 GB  0.0 MB  4.0 MB DATE   7c2b27     3              
read 512/512 bytes at offset 0
512 bytes, X ops; XX:XX:XX.X (XXX YYY/sec and XXX ops/sec)
test---[DATE]-+-[DATE]
                          `-(you are here)
  Name        Id    Size    Used  Shared    Creation time   VDI id  Copies  Tag
s test         1  4.0 GB  4.0 MB  0.0 MB DATE   7c2b25     3         snap1
s test         2  4.0 GB  4.0 MB  0.0 MB DATE   7c2b26     3         snap2
  test         3  4.0 GB  0.0 MB  4.0 MB DATE   7c2b27     3              
wrote 512/512 bytes at offset 0
512 bytes, X ops; XX:XX:XX.X (XXX YYY/sec and XXX ops/sec)
wrote 512/512 bytes at offset 0
512 bytes, X ops; XX:XX:XX.X (XXX YYY/sec and XXX ops/sec)
read 512/512 bytes at offset 0
512 bytes, X ops; XX:XX:XX.X (XXX YYY/sec and XXX ops/sec)
test---[DATE]-+-[DATE]
                          `-[DATE]-+-[DATE]
                                               `-(you are here)
  Name        Id    Size    Used  Shared    Creation time   VDI id  Copies  Tag
s test         1  4.0 GB  4.0 MB  0.0 MB DATE   7c2b25     3         snap1
s test         2  4.0 GB  4.0 MB  0.0 MB DATE   7c2b26     3         snap2
s test         3  4.0 GB  4.0 MB  0.0 MB DATE   7c2b27     3         snap3
s test         4  4.0 GB  4.0 MB  0.0 MB DATE   7c2b28     3         snap4
  test         5  4.0 GB  0.0 MB  4.0 MB DATE   7c2b29     3              
