QA output created by 044
using backend farm store
there should be no vdi
  Name        Id    Size    Used  Shared    Creation time   VDI id  Copies  Tag
there should be no object
Id	Size	Used	Use%
 0	4.0 GB	144 MB	  3%
 1	4.0 GB	144 MB	  3%
 2	4.0 GB	144 MB	  3%
Total	12 GB	433 MB	  3%

Total virtual image size	0.0 MB
