QA output created by 045
using backend farm store
e0b27e7466a3c21d0a4dedfed8bb9184  -
f35835c0a25be5ee75a536d1816c1db4  -
0faf5f38c28a38a6db1e6dfcdf259141  -
83bffbfb00dbcb7d6b4a2fa9274175b9  -
a8775e30ddc5eda14d76e5361a514392  -
8124234db4755d4772c3440f2cbd1ecb  -
62630992718e77c73873ce1672d80786  -
19b9d4d75a5a71bfad364628880fa913  -
2471b1f99fe89885e2267c5d4f94723b  -
