QA output created by 046
using backend farm store
delete snapshot image before current one
  Name        Id    Size    Used  Shared    Creation time   VDI id  Copies  Tag
s test         1  4.0 GB  0.0 MB  0.0 MB DATE   7c2b25     2          snap
  test         2  4.0 GB  0.0 MB  0.0 MB DATE   7c2b26     2              
Failed to delete test: Failed to find requested tag
  Name        Id    Size    Used  Shared    Creation time   VDI id  Copies  Tag
  test         2  4.0 GB  0.0 MB  0.0 MB DATE   7c2b26     2              
Failed to delete test: No VDI found
  Name        Id    Size    Used  Shared    Creation time   VDI id  Copies  Tag
delete current image before snapshot one
  Name        Id    Size    Used  Shared    Creation time   VDI id  Copies  Tag
s test         1  4.0 GB  0.0 MB  0.0 MB DATE   7c2b25     2          snap
  test         2  4.0 GB  0.0 MB  0.0 MB DATE   7c2b27     2              
Failed to delete test: No VDI found
  Name        Id    Size    Used  Shared    Creation time   VDI id  Copies  Tag
s test         1  4.0 GB  0.0 MB  0.0 MB DATE   7c2b25     2          snap
Failed to delete test: No VDI found
  Name        Id    Size    Used  Shared    Creation time   VDI id  Copies  Tag
