QA output created by 049
using backend farm store
