QA output created by 022
using backend plain store
creating a VDI should fail without data nodes available
Failed to create VDI test: Failed to write to requested VDI
