QA output created by 063
using backend plain store
STORE	DATA	VDI	VMSTATE	ATTR	STALE
0	19	0	0	0	0
1	13	1	0	0	0
2	18	0	0	0	0
3	0	0	0	0	0
4	0	0	0	0	0
5	0	0	0	0	0
  Id   Host:Port         V-Nodes       Zone
   0   127.0.0.1:7000      	64          0
   1   127.0.0.1:7001      	64          1
   2   127.0.0.1:7002      	64          2
   3   127.0.0.1:7003      	 0          3
STORE	DATA	VDI	VMSTATE	ATTR	STALE
0	9	0	0	0	0
1	13	1	0	0	0
2	9	0	0	0	0
3	0	0	0	0	0
4	8	0	0	0	0
5	11	0	0	0	0
  Id   Host:Port         V-Nodes       Zone
   0   127.0.0.1:7000      	102          0
   1   127.0.0.1:7001      	51          1
   2   127.0.0.1:7002      	51          2
   3   127.0.0.1:7003      	 0          3
   4   127.0.0.1:7005      	51          5
Cluster status: running, auto-recovery enabled

Cluster created at DATE

Epoch Time           Version
DATE      3 [127.0.0.1:7000, 127.0.0.1:7001, 127.0.0.1:7002, 127.0.0.1:7003, 127.0.0.1:7005]
DATE      2 [127.0.0.1:7000, 127.0.0.1:7001, 127.0.0.1:7002, 127.0.0.1:7003]
DATE      1 [127.0.0.1:7000, 127.0.0.1:7001, 127.0.0.1:7002, 127.0.0.1:7003]
