QA output created by 064
using backend plain store
STORE	DATA	VDI	VMSTATE	ATTR	STALE
0	17	1	0	0	0
1	12	1	0	0	0
2	21	0	0	0	0
3	0	0	0	0	0
  Id   Host:Port         V-Nodes       Zone
   0   127.0.0.1:7000      	48          0
   1   127.0.0.1:7001      	48          1
   2   127.0.0.1:7002      	96          2
STORE	DATA	VDI	VMSTATE	ATTR	STALE
0	8	1	0	0	0
1	12	1	0	0	0
2	21	0	0	0	0
3	9	0	0	0	0
  Id   Host:Port         V-Nodes       Zone
   0   127.0.0.1:7000      	48          0
   1   127.0.0.1:7001      	48          1
   2   127.0.0.1:7002      	96          2
STORE	DATA	VDI	VMSTATE	ATTR	STALE
0	11	1	0	0	0
1	25	1	0	0	0
3	14	0	0	0	0
  Id   Host:Port         V-Nodes       Zone
   0   127.0.0.1:7000      	85          0
   1   127.0.0.1:7001      	43          1
STORE	DATA	VDI	VMSTATE	ATTR	STALE
0	9	1	0	0	0
1	10	1	0	0	0
2	19	0	0	0	0
3	12	0	0	0	0
  Id   Host:Port         V-Nodes       Zone
   0   127.0.0.1:7000      	77          0
   1   127.0.0.1:7001      	38          1
   2   127.0.0.1:7002      	77          2
Cluster status: running, auto-recovery enabled

Cluster created at DATE

Epoch Time           Version
DATE      4 [127.0.0.1:7000, 127.0.0.1:7001, 127.0.0.1:7002]
DATE      3 [127.0.0.1:7000, 127.0.0.1:7001]
DATE      2 [127.0.0.1:7000, 127.0.0.1:7001, 127.0.0.1:7002]
DATE      1 [127.0.0.1:7000, 127.0.0.1:7001, 127.0.0.1:7002]
