QA output created by 067
using backend plain store
  Id   Host:Port         V-Nodes       Zone
   0   127.0.0.1:7000      	64          0
   1   127.0.0.1:7001      	64          1
   2   127.0.0.1:7002      	64          2
check whether all nodes have the same cluster info
  Id   Host:Port         V-Nodes       Zone
   0   127.0.0.1:7001      	64          1
   1   127.0.0.1:7002      	64          2
  Id   Host:Port         V-Nodes       Zone
   0   127.0.0.1:7001      	64          1
   1   127.0.0.1:7002      	64          2
