QA output created by 071
using backend plain store
00000000  00 00 00 00 00 00 00 00  00 00 00 00 00 00 00 00  |................|
*
00003000  ff ff ff ff ff ff ff ff  ff ff ff ff ff ff ff ff  |................|
*
00004000
00000000  00 00 00 00 00 00 00 00  00 00 00 00 00 00 00 00  |................|
*
00003000  ff ff ff ff ff ff ff ff  ff ff ff ff ff ff ff ff  |................|
*
00003e00
00000000  00 00 00 00 00 00 00 00  00 00 00 00 00 00 00 00  |................|
*
00003000  ff ff ff ff ff ff ff ff  ff ff ff ff ff ff ff ff  |................|
*
00004000
00000000  00 00 00 00 00 00 00 00  00 00 00 00 00 00 00 00  |................|
*
00003000  ff ff ff ff ff ff ff ff  ff ff ff ff ff ff ff ff  |................|
*
00003e00
00000000  00 00 00 00 00 00 00 00  00 00 00 00 00 00 00 00  |................|
*
00002000  ff ff ff ff ff ff ff ff  ff ff ff ff ff ff ff ff  |................|
*
00003000  00 00 00 00 00 00 00 00  00 00 00 00 00 00 00 00  |................|
*
00004000
00000000  00 00 00 00 00 00 00 00  00 00 00 00 00 00 00 00  |................|
*
00002000  ff ff ff ff ff ff ff ff  ff ff ff ff ff ff ff ff  |................|
*
00003000  00 00 00 00 00 00 00 00  00 00 00 00 00 00 00 00  |................|
*
00003e00
00000000  00 00 00 00 00 00 00 00  00 00 00 00 00 00 00 00  |................|
*
00002000  ff ff ff ff ff ff ff ff  ff ff ff ff ff ff ff ff  |................|
*
00003000  00 00 00 00 00 00 00 00  00 00 00 00 00 00 00 00  |................|
*
00004000
00000000  00 00 00 00 00 00 00 00  00 00 00 00 00 00 00 00  |................|
*
00002000  ff ff ff ff ff ff ff ff  ff ff ff ff ff ff ff ff  |................|
*
00003000  00 00 00 00 00 00 00 00  00 00 00 00 00 00 00 00  |................|
*
00003e00
00000000  00 00 00 00 00 00 00 00  00 00 00 00 00 00 00 00  |................|
*
00001000  ff ff ff ff ff ff ff ff  ff ff ff ff ff ff ff ff  |................|
*
00002000  00 00 00 00 00 00 00 00  00 00 00 00 00 00 00 00  |................|
*
00004000
00000000  00 00 00 00 00 00 00 00  00 00 00 00 00 00 00 00  |................|
*
00001000  ff ff ff ff ff ff ff ff  ff ff ff ff ff ff ff ff  |................|
*
00002000  00 00 00 00 00 00 00 00  00 00 00 00 00 00 00 00  |................|
*
00003e00
00000000  00 00 00 00 00 00 00 00  00 00 00 00 00 00 00 00  |................|
*
00001000  ff ff ff ff ff ff ff ff  ff ff ff ff ff ff ff ff  |................|
*
00002000  00 00 00 00 00 00 00 00  00 00 00 00 00 00 00 00  |................|
*
00004000
00000000  00 00 00 00 00 00 00 00  00 00 00 00 00 00 00 00  |................|
*
00001000  ff ff ff ff ff ff ff ff  ff ff ff ff ff ff ff ff  |................|
*
00002000  00 00 00 00 00 00 00 00  00 00 00 00 00 00 00 00  |................|
*
00003e00
00000000  ff ff ff ff ff ff ff ff  ff ff ff ff ff ff ff ff  |................|
*
00001000  00 00 00 00 00 00 00 00  00 00 00 00 00 00 00 00  |................|
*
00004000
00000000  ff ff ff ff ff ff ff ff  ff ff ff ff ff ff ff ff  |................|
*
00001000  00 00 00 00 00 00 00 00  00 00 00 00 00 00 00 00  |................|
*
00003e00
00000000  ff ff ff ff ff ff ff ff  ff ff ff ff ff ff ff ff  |................|
*
00001000  00 00 00 00 00 00 00 00  00 00 00 00 00 00 00 00  |................|
*
00004000
00000000  ff ff ff ff ff ff ff ff  ff ff ff ff ff ff ff ff  |................|
*
00001000  00 00 00 00 00 00 00 00  00 00 00 00 00 00 00 00  |................|
*
00003e00
