QA output created by 083
using backend plain store
  Name        Id    Size    Used  Shared    Creation time   VDI id  Copies  Tag
  test         0   12 MB  0.0 MB  0.0 MB DATE   7c2b25     3              
vdi test should be visible
  Name        Id    Size    Used  Shared    Creation time   VDI id  Copies  Tag
  test         0   12 MB  4.0 MB  0.0 MB DATE   7c2b25     3              
original data
