QA output created by 085
  Id   Host:Port         V-Nodes       Zone
   0   127.0.0.1:7000      	128          0
   1   127.0.0.1:7001      	128          1
   2   127.0.0.1:7002      	128          2
using backend plain store
  Name        Id    Size    Used  Shared    Creation time   VDI id  Copies  Tag
  test         0   12 MB  0.0 MB  0.0 MB DATE   7c2b25      3              
fixed replica 807c2b2500000000
finish check&repair test
original data
